// Jest Snapshot v1, https://goo.gl/fbAQLP

exports[`CalculatorView should render 1`] = `
<div
  className="calculator"
>
  <div
    className="calculator__screen-container"
  >
    <div
      className="calculator__screen"
    />
    <img
      alt="logo"
      className="calculator__logo"
      src="logo.svg"
    />
  </div>
  <div
    className="calculator__body"
  >
    <div
      className="calculator__button"
    >
      <button
        data-test-id="clear"
      >
        C
      </button>
    </div>
    <div
      className="calculator__button"
    >
      <button
        data-test-id="ce"
      >
        CE
      </button>
    </div>
    <div
      className="calculator__button"
    >
      <button
        data-test-id="modulus"
      >
        %
      </button>
    </div>
    <div
      className="calculator__button"
    >
      <button
        data-test-id="divide"
        value="/"
      >
        /
      </button>
    </div>
    <div
      className="calculator__button"
    >
      <button
        data-test-id="number-1"
        value="1"
      >
        1
      </button>
    </div>
    <div
      className="calculator__button"
    >
      <button
        data-test-id="number-2"
        value="2"
      >
        2
      </button>
    </div>
    <div
      className="calculator__button"
    >
      <button
        data-test-id="number-3"
        value="3"
      >
        3
      </button>
    </div>
    <div
      className="calculator__button"
    >
      <button
        data-test-id="multiply"
        value="*"
      >
        x
      </button>
    </div>
    <div
      className="calculator__button"
    >
      <button
        data-test-id="number-4"
        value="4"
      >
        4
      </button>
    </div>
    <div
      className="calculator__button"
    >
      <button
        data-test-id="number-5"
        value="5"
      >
        5
      </button>
    </div>
    <div
      className="calculator__button"
    >
      <button
        data-test-id="number-6"
        value="6"
      >
        6
      </button>
    </div>
    <div
      className="calculator__button"
    >
      <button
        data-test-id="subtract"
        value="-"
      >
        -
      </button>
    </div>
    <div
      className="calculator__button"
    >
      <button
        data-test-id="number-7"
        value="7"
      >
        7
      </button>
    </div>
    <div
      className="calculator__button"
    >
      <button
        data-test-id="number-8"
        value="8"
      >
        8
      </button>
    </div>
    <div
      className="calculator__button"
    >
      <button
        data-test-id="number-9"
        value="9"
      >
        9
      </button>
    </div>
    <div
      className="calculator__button"
    >
      <button
        data-test-id="add"
        value="+"
      >
        +
      </button>
    </div>
    <div
      className="calculator__button"
    >
      <button
        data-test-id="decimal"
        value="."
      >
        .
      </button>
    </div>
    <div
      className="calculator__button"
    >
      <button
        data-test-id="number-0"
        value="0"
      >
        0
      </button>
    </div>
    <div
      className="calculator__button"
    >
      <button
        data-test-id="equals"
        value="="
      >
        =
      </button>
    </div>
    <div
      className="calculator__button"
    />
  </div>
</div>
`;
